2026-04-16 12:39:33,950 - INFO - Master Healer started.
2026-04-16 12:39:33,950 - INFO - Container Watchdog thread started.
2026-04-16 12:39:33,951 - INFO - Disk Healer thread started.
2026-04-16 12:39:43,103 - INFO - Master Healer stopped by user.
2026-04-16 12:40:53,003 - INFO - Master Healer started.
2026-04-16 12:40:53,004 - INFO - Container Watchdog thread started.
2026-04-16 12:40:53,004 - INFO - Disk Healer thread started.
2026-04-16 12:41:53,135 - WARNING - Container 'grafana' DOWN. Restarting...
2026-04-16 12:41:53,365 - INFO - 'grafana' restarted successfully.
nohup: ignoring input
2026-04-16 12:45:16,124 - INFO - Master Healer started.
2026-04-16 12:45:16,125 - INFO - Container Watchdog thread started.
2026-04-16 12:45:16,125 - INFO - Disk Healer thread started.
nohup: ignoring input
2026-04-16 12:47:31,855 - INFO - Master Healer started.
2026-04-16 12:47:31,855 - INFO - Container Watchdog thread started.
2026-04-16 12:47:31,855 - INFO - Disk Healer thread started.
2026-04-16 12:49:10,655 - INFO - Master Healer started.
2026-04-16 12:49:10,656 - INFO - Container Watchdog thread started.
2026-04-16 12:49:10,657 - INFO - Disk Healer thread started.
[2026-04-16 12:49:10.655645] 🚀 Master Healer starting...
[2026-04-16 12:49:10.657146] ✅ All healers running. Press Ctrl+C to stop.
[2026-04-16 12:49:10.657270] 💾 Disk: 25.14%
[2026-04-16 12:49:10.959006] ✅ prometheus running.
[2026-04-16 12:49:10.959026] ✅ node-exporter running.
[2026-04-16 12:49:10.959030] ✅ alertmanager running.
[2026-04-16 12:49:10.959032] ✅ grafana running.
[2026-04-16 12:49:41.008552] ✅ prometheus running.
[2026-04-16 12:49:41.008572] ✅ node-exporter running.
[2026-04-16 12:49:41.008576] ✅ alertmanager running.
[2026-04-16 12:49:41.008578] ✅ grafana running.
[2026-04-16 12:50:10.657446] 💾 Disk: 25.14%
[2026-04-16 12:50:11.053430] ✅ prometheus running.
[2026-04-16 12:50:11.053450] ✅ node-exporter running.
[2026-04-16 12:50:11.053453] ✅ alertmanager running.
[2026-04-16 12:50:11.053456] ✅ grafana running.
[2026-04-16 12:50:41.098931] ✅ prometheus running.
[2026-04-16 12:50:41.098951] ✅ node-exporter running.
[2026-04-16 12:50:41.098955] ✅ alertmanager running.
[2026-04-16 12:50:41.098957] ✅ grafana running.
[2026-04-16 12:51:10.657686] 💾 Disk: 25.12%
[2026-04-16 12:51:11.141529] ✅ prometheus running.
[2026-04-16 12:51:11.141554] ✅ node-exporter running.
[2026-04-16 12:51:11.141559] ✅ alertmanager running.
[2026-04-16 12:51:11.141563] ✅ grafana running.
[2026-04-16 12:51:41.192510] ✅ prometheus running.
[2026-04-16 12:51:41.192529] ✅ node-exporter running.
[2026-04-16 12:51:41.192533] ✅ alertmanager running.
[2026-04-16 12:51:41.192536] ✅ grafana running.
[2026-04-16 12:52:10.657889] 💾 Disk: 25.12%
[2026-04-16 12:52:11.235772] ✅ prometheus running.
[2026-04-16 12:52:11.235791] ✅ node-exporter running.
[2026-04-16 12:52:11.235795] ✅ alertmanager running.
[2026-04-16 12:52:11.235798] ✅ grafana running.
[2026-04-16 12:52:41.278230] ✅ prometheus running.
[2026-04-16 12:52:41.278250] ✅ node-exporter running.
[2026-04-16 12:52:41.278253] ✅ alertmanager running.
[2026-04-16 12:52:41.278256] ✅ grafana running.
[2026-04-16 12:53:10.658079] 💾 Disk: 25.12%
[2026-04-16 12:53:11.319541] ✅ prometheus running.
[2026-04-16 12:53:11.319561] ✅ node-exporter running.
[2026-04-16 12:53:11.319564] ✅ alertmanager running.
[2026-04-16 12:53:11.319566] ✅ grafana running.
[2026-04-16 12:53:41.368728] ✅ prometheus running.
[2026-04-16 12:53:41.368747] ✅ node-exporter running.
[2026-04-16 12:53:41.368750] ✅ alertmanager running.
[2026-04-16 12:53:41.368752] ✅ grafana running.
[2026-04-16 12:54:10.658253] 💾 Disk: 25.12%
[2026-04-16 12:54:11.411394] ✅ prometheus running.
[2026-04-16 12:54:11.411413] ✅ node-exporter running.
[2026-04-16 12:54:11.411416] ✅ alertmanager running.
[2026-04-16 12:54:11.411419] ✅ grafana running.
[2026-04-16 12:54:41.456787] ✅ prometheus running.
[2026-04-16 12:54:41.456807] ✅ node-exporter running.
[2026-04-16 12:54:41.456810] ✅ alertmanager running.
[2026-04-16 12:54:41.456814] ✅ grafana running.
[2026-04-16 12:55:10.658465] 💾 Disk: 25.12%
[2026-04-16 12:55:11.499883] ✅ prometheus running.
[2026-04-16 12:55:11.499902] ✅ node-exporter running.
[2026-04-16 12:55:11.499906] ✅ alertmanager running.
[2026-04-16 12:55:11.499908] ✅ grafana running.
[2026-04-16 12:55:41.543175] ✅ prometheus running.
[2026-04-16 12:55:41.543196] ✅ node-exporter running.
[2026-04-16 12:55:41.543199] ✅ alertmanager running.
[2026-04-16 12:55:41.543201] ✅ grafana running.
[2026-04-16 12:56:10.658661] 💾 Disk: 25.12%
[2026-04-16 12:56:11.586181] ✅ prometheus running.
[2026-04-16 12:56:11.586200] ✅ node-exporter running.
[2026-04-16 12:56:11.586203] ✅ alertmanager running.
[2026-04-16 12:56:11.586206] ✅ grafana running.
[2026-04-16 12:56:41.633699] ✅ prometheus running.
[2026-04-16 12:56:41.633720] ✅ node-exporter running.
[2026-04-16 12:56:41.633723] ✅ alertmanager running.
[2026-04-16 12:56:41.633725] ✅ grafana running.
[2026-04-16 12:57:10.658854] 💾 Disk: 25.12%
[2026-04-16 12:57:11.676371] ✅ prometheus running.
[2026-04-16 12:57:11.676390] ✅ node-exporter running.
[2026-04-16 12:57:11.676393] ✅ alertmanager running.
[2026-04-16 12:57:11.676395] ✅ grafana running.
[2026-04-16 12:57:41.717995] ✅ prometheus running.
[2026-04-16 12:57:41.718014] ✅ node-exporter running.
[2026-04-16 12:57:41.718018] ✅ alertmanager running.
[2026-04-16 12:57:41.718020] ✅ grafana running.
[2026-04-16 12:58:10.659063] 💾 Disk: 25.12%
[2026-04-16 12:58:11.758121] ✅ prometheus running.
[2026-04-16 12:58:11.758142] ✅ node-exporter running.
[2026-04-16 12:58:11.758145] ✅ alertmanager running.
[2026-04-16 12:58:11.758148] ✅ grafana running.
[2026-04-16 12:58:41.799495] ✅ prometheus running.
[2026-04-16 12:58:41.799514] ✅ node-exporter running.
[2026-04-16 12:58:41.799517] ✅ alertmanager running.
[2026-04-16 12:58:41.799520] ✅ grafana running.
[2026-04-16 12:59:10.659268] 💾 Disk: 25.12%
[2026-04-16 12:59:11.840351] ✅ prometheus running.
[2026-04-16 12:59:11.840371] ✅ node-exporter running.
[2026-04-16 12:59:11.840375] ✅ alertmanager running.
[2026-04-16 12:59:11.840377] ✅ grafana running.
[2026-04-16 12:59:41.878944] ✅ prometheus running.
[2026-04-16 12:59:41.878964] ✅ node-exporter running.
[2026-04-16 12:59:41.878967] ✅ alertmanager running.
[2026-04-16 12:59:41.878970] ✅ grafana running.
[2026-04-16 13:00:10.659566] 💾 Disk: 25.12%
[2026-04-16 13:00:11.921719] ✅ prometheus running.
[2026-04-16 13:00:11.921740] ✅ node-exporter running.
[2026-04-16 13:00:11.921743] ✅ alertmanager running.
[2026-04-16 13:00:11.921746] ✅ grafana running.
[2026-04-16 13:00:41.965259] ✅ prometheus running.
[2026-04-16 13:00:41.965280] ✅ node-exporter running.
[2026-04-16 13:00:41.965284] ✅ alertmanager running.
[2026-04-16 13:00:41.965287] ✅ grafana running.
[2026-04-16 13:01:10.659736] 💾 Disk: 25.12%
[2026-04-16 13:01:12.009449] ✅ prometheus running.
[2026-04-16 13:01:12.009469] ✅ node-exporter running.
[2026-04-16 13:01:12.009472] ✅ alertmanager running.
[2026-04-16 13:01:12.009475] ✅ grafana running.
[2026-04-16 13:01:42.052133] ✅ prometheus running.
[2026-04-16 13:01:42.052153] ✅ node-exporter running.
[2026-04-16 13:01:42.052157] ✅ alertmanager running.
[2026-04-16 13:01:42.052160] ✅ grafana running.
[2026-04-16 13:02:10.659939] 💾 Disk: 25.12%
[2026-04-16 13:02:12.093313] ✅ prometheus running.
[2026-04-16 13:02:12.093333] ✅ node-exporter running.
[2026-04-16 13:02:12.093337] ✅ alertmanager running.
[2026-04-16 13:02:12.093339] ✅ grafana running.
[2026-04-16 13:02:42.136842] ✅ prometheus running.
[2026-04-16 13:02:42.136861] ✅ node-exporter running.
[2026-04-16 13:02:42.136865] ✅ alertmanager running.
[2026-04-16 13:02:42.136867] ✅ grafana running.
[2026-04-16 13:03:10.660126] 💾 Disk: 25.12%
[2026-04-16 13:03:12.179665] ✅ prometheus running.
[2026-04-16 13:03:12.179687] ✅ node-exporter running.
[2026-04-16 13:03:12.179690] ✅ alertmanager running.
[2026-04-16 13:03:12.179693] ✅ grafana running.
[2026-04-16 13:03:42.220661] ✅ prometheus running.
[2026-04-16 13:03:42.220681] ✅ node-exporter running.
[2026-04-16 13:03:42.220686] ✅ alertmanager running.
[2026-04-16 13:03:42.220688] ✅ grafana running.
[2026-04-16 13:04:10.660317] 💾 Disk: 25.12%
[2026-04-16 13:04:12.281441] ✅ prometheus running.
[2026-04-16 13:04:12.281465] ✅ node-exporter running.
[2026-04-16 13:04:12.281470] ✅ alertmanager running.
[2026-04-16 13:04:12.281474] ✅ grafana running.
[2026-04-16 13:04:42.327576] ✅ prometheus running.
[2026-04-16 13:04:42.327595] ✅ node-exporter running.
[2026-04-16 13:04:42.327598] ✅ alertmanager running.
[2026-04-16 13:04:42.327601] ✅ grafana running.
[2026-04-16 13:05:10.660509] 💾 Disk: 25.12%
[2026-04-16 13:05:12.371413] ✅ prometheus running.
[2026-04-16 13:05:12.371435] ✅ node-exporter running.
[2026-04-16 13:05:12.371438] ✅ alertmanager running.
[2026-04-16 13:05:12.371440] ✅ grafana running.
[2026-04-16 13:05:42.412508] ✅ prometheus running.
[2026-04-16 13:05:42.412529] ✅ node-exporter running.
[2026-04-16 13:05:42.412532] ✅ alertmanager running.
[2026-04-16 13:05:42.412535] ✅ grafana running.
[2026-04-16 13:06:10.660702] 💾 Disk: 25.12%
[2026-04-16 13:06:12.458710] ✅ prometheus running.
[2026-04-16 13:06:12.458735] ✅ node-exporter running.
[2026-04-16 13:06:12.458739] ✅ alertmanager running.
[2026-04-16 13:06:12.458742] ✅ grafana running.
[2026-04-16 13:06:42.502222] ✅ prometheus running.
[2026-04-16 13:06:42.502242] ✅ node-exporter running.
[2026-04-16 13:06:42.502245] ✅ alertmanager running.
[2026-04-16 13:06:42.502248] ✅ grafana running.
[2026-04-16 13:07:10.660902] 💾 Disk: 25.12%
[2026-04-16 13:07:12.542336] ✅ prometheus running.
[2026-04-16 13:07:12.542356] ✅ node-exporter running.
[2026-04-16 13:07:12.542360] ✅ alertmanager running.
[2026-04-16 13:07:12.542362] ✅ grafana running.
[2026-04-16 13:07:42.585026] ✅ prometheus running.
[2026-04-16 13:07:42.585046] ✅ node-exporter running.
[2026-04-16 13:07:42.585050] ✅ alertmanager running.
[2026-04-16 13:07:42.585053] ✅ grafana running.
[2026-04-16 13:08:10.661113] 💾 Disk: 25.12%
[2026-04-16 13:08:12.626409] ✅ prometheus running.
[2026-04-16 13:08:12.626430] ✅ node-exporter running.
[2026-04-16 13:08:12.626433] ✅ alertmanager running.
[2026-04-16 13:08:12.626435] ✅ grafana running.
[2026-04-16 13:08:42.669258] ✅ prometheus running.
[2026-04-16 13:08:42.669279] ✅ node-exporter running.
[2026-04-16 13:08:42.669282] ✅ alertmanager running.
[2026-04-16 13:08:42.669285] ✅ grafana running.
[2026-04-16 13:09:10.661320] 💾 Disk: 25.12%
[2026-04-16 13:09:12.710462] ✅ prometheus running.
[2026-04-16 13:09:12.710481] ✅ node-exporter running.
[2026-04-16 13:09:12.710485] ✅ alertmanager running.
[2026-04-16 13:09:12.710487] ✅ grafana running.
[2026-04-16 13:09:42.754565] ✅ prometheus running.
[2026-04-16 13:09:42.754584] ✅ node-exporter running.
[2026-04-16 13:09:42.754588] ✅ alertmanager running.
[2026-04-16 13:09:42.754590] ✅ grafana running.
[2026-04-16 13:10:10.661518] 💾 Disk: 25.12%
[2026-04-16 13:10:12.796019] ✅ prometheus running.
[2026-04-16 13:10:12.796040] ✅ node-exporter running.
[2026-04-16 13:10:12.796043] ✅ alertmanager running.
[2026-04-16 13:10:12.796046] ✅ grafana running.
[2026-04-16 13:10:42.838225] ✅ prometheus running.
[2026-04-16 13:10:42.838246] ✅ node-exporter running.
[2026-04-16 13:10:42.838249] ✅ alertmanager running.
[2026-04-16 13:10:42.838252] ✅ grafana running.
[2026-04-16 13:11:10.661714] 💾 Disk: 25.12%
[2026-04-16 13:11:12.879856] ✅ prometheus running.
[2026-04-16 13:11:12.879876] ✅ node-exporter running.
[2026-04-16 13:11:12.879879] ✅ alertmanager running.
[2026-04-16 13:11:12.879881] ✅ grafana running.
[2026-04-16 13:11:42.923696] ✅ prometheus running.
[2026-04-16 13:11:42.923715] ✅ node-exporter running.
[2026-04-16 13:11:42.923719] ✅ alertmanager running.
[2026-04-16 13:11:42.923721] ✅ grafana running.
[2026-04-16 13:12:10.661945] 💾 Disk: 25.12%
[2026-04-16 13:12:12.964328] ✅ prometheus running.
[2026-04-16 13:12:12.964347] ✅ node-exporter running.
[2026-04-16 13:12:12.964350] ✅ alertmanager running.
[2026-04-16 13:12:12.964353] ✅ grafana running.
[2026-04-16 13:12:43.010663] ✅ prometheus running.
[2026-04-16 13:12:43.010684] ✅ node-exporter running.
[2026-04-16 13:12:43.010688] ✅ alertmanager running.
[2026-04-16 13:12:43.010690] ✅ grafana running.
[2026-04-16 13:13:10.662127] 💾 Disk: 25.12%
[2026-04-16 13:13:13.050591] ✅ prometheus running.
[2026-04-16 13:13:13.050624] ✅ node-exporter running.
[2026-04-16 13:13:13.050631] ✅ alertmanager running.
[2026-04-16 13:13:13.050635] ✅ grafana running.
[2026-04-16 13:13:43.092182] ✅ prometheus running.
[2026-04-16 13:13:43.092202] ✅ node-exporter running.
[2026-04-16 13:13:43.092205] ✅ alertmanager running.
[2026-04-16 13:13:43.092207] ✅ grafana running.
[2026-04-16 13:14:10.662323] 💾 Disk: 25.12%
[2026-04-16 13:14:13.136388] ✅ prometheus running.
[2026-04-16 13:14:13.136408] ✅ node-exporter running.
[2026-04-16 13:14:13.136412] ✅ alertmanager running.
[2026-04-16 13:14:13.136414] ✅ grafana running.
[2026-04-16 13:14:43.179596] ✅ prometheus running.
[2026-04-16 13:14:43.179635] ✅ node-exporter running.
[2026-04-16 13:14:43.179639] ✅ alertmanager running.
[2026-04-16 13:14:43.179642] ✅ grafana running.
[2026-04-16 13:15:10.662526] 💾 Disk: 25.12%
[2026-04-16 13:15:13.222266] ✅ prometheus running.
[2026-04-16 13:15:13.222305] ✅ node-exporter running.
[2026-04-16 13:15:13.222309] ✅ alertmanager running.
[2026-04-16 13:15:13.222311] ✅ grafana running.
[2026-04-16 13:15:43.264990] ✅ prometheus running.
[2026-04-16 13:15:43.265009] ✅ node-exporter running.
[2026-04-16 13:15:43.265012] ✅ alertmanager running.
[2026-04-16 13:15:43.265014] ✅ grafana running.
[2026-04-16 13:16:10.662719] 💾 Disk: 25.13%
[2026-04-16 13:16:13.307452] ✅ prometheus running.
[2026-04-16 13:16:13.307471] ✅ node-exporter running.
[2026-04-16 13:16:13.307475] ✅ alertmanager running.
[2026-04-16 13:16:13.307477] ✅ grafana running.
[2026-04-16 13:16:43.356525] ✅ prometheus running.
[2026-04-16 13:16:43.356564] ✅ node-exporter running.
[2026-04-16 13:16:43.356569] ✅ alertmanager running.
[2026-04-16 13:16:43.356572] ✅ grafana running.
[2026-04-16 13:17:10.662919] 💾 Disk: 25.13%
[2026-04-16 13:17:13.418331] ✅ prometheus running.
[2026-04-16 13:17:13.418351] ✅ node-exporter running.
[2026-04-16 13:17:13.418354] ✅ alertmanager running.
[2026-04-16 13:17:13.418357] ✅ grafana running.
[2026-04-16 13:17:43.460265] ✅ prometheus running.
[2026-04-16 13:17:43.460285] ✅ node-exporter running.
[2026-04-16 13:17:43.460289] ✅ alertmanager running.
[2026-04-16 13:17:43.460291] ✅ grafana running.
[2026-04-16 13:18:10.663109] 💾 Disk: 25.13%
[2026-04-16 13:18:13.509202] ✅ prometheus running.
[2026-04-16 13:18:13.509222] ✅ node-exporter running.
[2026-04-16 13:18:13.509225] ✅ alertmanager running.
[2026-04-16 13:18:13.509228] ✅ grafana running.
[2026-04-16 13:18:43.551145] ✅ prometheus running.
[2026-04-16 13:18:43.551166] ✅ node-exporter running.
[2026-04-16 13:18:43.551170] ✅ alertmanager running.
[2026-04-16 13:18:43.551173] ✅ grafana running.
[2026-04-16 13:19:10.663372] 💾 Disk: 25.13%
[2026-04-16 13:19:13.607930] ✅ prometheus running.
[2026-04-16 13:19:13.607958] ✅ node-exporter running.
[2026-04-16 13:19:13.607963] ✅ alertmanager running.
[2026-04-16 13:19:13.607967] ✅ grafana running.
[2026-04-16 13:19:43.653997] ✅ prometheus running.
[2026-04-16 13:19:43.654017] ✅ node-exporter running.
[2026-04-16 13:19:43.654021] ✅ alertmanager running.
[2026-04-16 13:19:43.654023] ✅ grafana running.
[2026-04-16 13:20:10.663565] 💾 Disk: 25.13%
[2026-04-16 13:20:13.695661] ✅ prometheus running.
[2026-04-16 13:20:13.695682] ✅ node-exporter running.
[2026-04-16 13:20:13.695686] ✅ alertmanager running.
[2026-04-16 13:20:13.695688] ✅ grafana running.
[2026-04-16 13:20:43.737204] ✅ prometheus running.
[2026-04-16 13:20:43.737223] ✅ node-exporter running.
[2026-04-16 13:20:43.737227] ✅ alertmanager running.
[2026-04-16 13:20:43.737230] ✅ grafana running.
[2026-04-16 13:21:10.663743] 💾 Disk: 25.13%
[2026-04-16 13:21:13.781109] ✅ prometheus running.
[2026-04-16 13:21:13.781129] ✅ node-exporter running.
[2026-04-16 13:21:13.781132] ✅ alertmanager running.
[2026-04-16 13:21:13.781135] ✅ grafana running.
[2026-04-16 13:21:43.820603] ✅ prometheus running.
[2026-04-16 13:21:43.820647] ✅ node-exporter running.
[2026-04-16 13:21:43.820653] ✅ alertmanager running.
[2026-04-16 13:21:43.820657] ✅ grafana running.
[2026-04-16 13:22:10.663911] 💾 Disk: 25.13%
[2026-04-16 13:22:13.861980] ✅ prometheus running.
[2026-04-16 13:22:13.862001] ✅ node-exporter running.
[2026-04-16 13:22:13.862005] ✅ alertmanager running.
[2026-04-16 13:22:13.862007] ✅ grafana running.
[2026-04-16 13:22:43.903578] ✅ prometheus running.
[2026-04-16 13:22:43.903599] ✅ node-exporter running.
[2026-04-16 13:22:43.903602] ✅ alertmanager running.
[2026-04-16 13:22:43.903604] ✅ grafana running.
[2026-04-16 13:23:10.664105] 💾 Disk: 25.13%
[2026-04-16 13:23:13.946325] ✅ prometheus running.
[2026-04-16 13:23:13.946385] ✅ node-exporter running.
[2026-04-16 13:23:13.946390] ✅ alertmanager running.
[2026-04-16 13:23:13.946393] ✅ grafana running.
[2026-04-16 13:23:43.989286] ✅ prometheus running.
[2026-04-16 13:23:43.989305] ✅ node-exporter running.
[2026-04-16 13:23:43.989308] ✅ alertmanager running.
[2026-04-16 13:23:43.989310] ✅ grafana running.
[2026-04-16 13:24:10.664297] 💾 Disk: 25.13%
[2026-04-16 13:24:14.030704] ✅ prometheus running.
[2026-04-16 13:24:14.030724] ✅ node-exporter running.
[2026-04-16 13:24:14.030728] ✅ alertmanager running.
[2026-04-16 13:24:14.030730] ✅ grafana running.
[2026-04-16 13:24:44.075003] ✅ prometheus running.
[2026-04-16 13:24:44.075022] ✅ node-exporter running.
[2026-04-16 13:24:44.075025] ✅ alertmanager running.
[2026-04-16 13:24:44.075028] ✅ grafana running.
[2026-04-16 13:25:10.664481] 💾 Disk: 25.13%
[2026-04-16 13:25:14.116513] ✅ prometheus running.
[2026-04-16 13:25:14.116534] ✅ node-exporter running.
[2026-04-16 13:25:14.116537] ✅ alertmanager running.
[2026-04-16 13:25:14.116540] ✅ grafana running.
[2026-04-16 13:25:44.155281] ✅ prometheus running.
[2026-04-16 13:25:44.155302] ✅ node-exporter running.
[2026-04-16 13:25:44.155404] ✅ alertmanager running.
[2026-04-16 13:25:44.155409] ✅ grafana running.
[2026-04-16 13:26:10.664701] 💾 Disk: 25.13%
[2026-04-16 13:26:14.200435] ✅ prometheus running.
[2026-04-16 13:26:14.200454] ✅ node-exporter running.
[2026-04-16 13:26:14.200458] ✅ alertmanager running.
[2026-04-16 13:26:14.200460] ✅ grafana running.
[2026-04-16 13:26:44.241526] ✅ prometheus running.
[2026-04-16 13:26:44.241547] ✅ node-exporter running.
[2026-04-16 13:26:44.241551] ✅ alertmanager running.
[2026-04-16 13:26:44.241554] ✅ grafana running.
[2026-04-16 13:27:10.664902] 💾 Disk: 25.13%
[2026-04-16 13:27:14.281711] ✅ prometheus running.
[2026-04-16 13:27:14.281731] ✅ node-exporter running.
[2026-04-16 13:27:14.281735] ✅ alertmanager running.
[2026-04-16 13:27:14.281738] ✅ grafana running.
[2026-04-16 13:27:44.322072] ✅ prometheus running.
[2026-04-16 13:27:44.322092] ✅ node-exporter running.
[2026-04-16 13:27:44.322095] ✅ alertmanager running.
[2026-04-16 13:27:44.322097] ✅ grafana running.
[2026-04-16 13:28:10.665101] 💾 Disk: 25.13%
[2026-04-16 13:28:14.369434] ✅ prometheus running.
[2026-04-16 13:28:14.369455] ✅ node-exporter running.
[2026-04-16 13:28:14.369459] ✅ alertmanager running.
[2026-04-16 13:28:14.369462] ✅ grafana running.
[2026-04-16 13:28:44.411103] ✅ prometheus running.
[2026-04-16 13:28:44.411122] ✅ node-exporter running.
[2026-04-16 13:28:44.411126] ✅ alertmanager running.
[2026-04-16 13:28:44.411128] ✅ grafana running.
[2026-04-16 13:29:10.665353] 💾 Disk: 25.13%
[2026-04-16 13:29:14.452371] ✅ prometheus running.
[2026-04-16 13:29:14.452391] ✅ node-exporter running.
[2026-04-16 13:29:14.452394] ✅ alertmanager running.
[2026-04-16 13:29:14.452397] ✅ grafana running.
[2026-04-16 13:29:44.494868] ✅ prometheus running.
[2026-04-16 13:29:44.494888] ✅ node-exporter running.
[2026-04-16 13:29:44.494891] ✅ alertmanager running.
[2026-04-16 13:29:44.494893] ✅ grafana running.
[2026-04-16 13:30:10.665547] 💾 Disk: 25.13%
[2026-04-16 13:30:14.536319] ✅ prometheus running.
[2026-04-16 13:30:14.536338] ✅ node-exporter running.
[2026-04-16 13:30:14.536342] ✅ alertmanager running.
[2026-04-16 13:30:14.536345] ✅ grafana running.
[2026-04-16 13:30:44.576475] ✅ prometheus running.
[2026-04-16 13:30:44.576496] ✅ node-exporter running.
[2026-04-16 13:30:44.576499] ✅ alertmanager running.
[2026-04-16 13:30:44.576502] ✅ grafana running.
[2026-04-16 13:31:10.665719] 💾 Disk: 25.13%
[2026-04-16 13:31:14.617812] ✅ prometheus running.
[2026-04-16 13:31:14.617832] ✅ node-exporter running.
[2026-04-16 13:31:14.617836] ✅ alertmanager running.
[2026-04-16 13:31:14.617839] ✅ grafana running.
[2026-04-16 13:31:44.658057] ✅ prometheus running.
[2026-04-16 13:31:44.658077] ✅ node-exporter running.
[2026-04-16 13:31:44.658080] ✅ alertmanager running.
[2026-04-16 13:31:44.658083] ✅ grafana running.
[2026-04-16 13:32:10.665922] 💾 Disk: 25.13%
[2026-04-16 13:32:14.701435] ✅ prometheus running.
[2026-04-16 13:32:14.701456] ✅ node-exporter running.
[2026-04-16 13:32:14.701460] ✅ alertmanager running.
[2026-04-16 13:32:14.701462] ✅ grafana running.
[2026-04-16 13:32:44.743410] ✅ prometheus running.
[2026-04-16 13:32:44.743430] ✅ node-exporter running.
[2026-04-16 13:32:44.743434] ✅ alertmanager running.
[2026-04-16 13:32:44.743437] ✅ grafana running.
[2026-04-16 13:33:10.666113] 💾 Disk: 25.13%
[2026-04-16 13:33:14.785594] ✅ prometheus running.
[2026-04-16 13:33:14.785629] ✅ node-exporter running.
[2026-04-16 13:33:14.785635] ✅ alertmanager running.
[2026-04-16 13:33:14.785638] ✅ grafana running.
[2026-04-16 13:33:44.823394] ✅ prometheus running.
[2026-04-16 13:33:44.823413] ✅ node-exporter running.
[2026-04-16 13:33:44.823416] ✅ alertmanager running.
[2026-04-16 13:33:44.823419] ✅ grafana running.
[2026-04-16 13:34:10.666325] 💾 Disk: 25.13%
[2026-04-16 13:34:14.864302] ✅ prometheus running.
[2026-04-16 13:34:14.864321] ✅ node-exporter running.
[2026-04-16 13:34:14.864325] ✅ alertmanager running.
[2026-04-16 13:34:14.864327] ✅ grafana running.
[2026-04-16 13:34:44.907891] ✅ prometheus running.
[2026-04-16 13:34:44.907913] ✅ node-exporter running.
[2026-04-16 13:34:44.907917] ✅ alertmanager running.
[2026-04-16 13:34:44.907919] ✅ grafana running.
[2026-04-16 13:35:10.666519] 💾 Disk: 25.13%
[2026-04-16 13:35:14.951107] ✅ prometheus running.
[2026-04-16 13:35:14.951127] ✅ node-exporter running.
[2026-04-16 13:35:14.951130] ✅ alertmanager running.
[2026-04-16 13:35:14.951133] ✅ grafana running.
[2026-04-16 13:35:44.990641] ✅ prometheus running.
[2026-04-16 13:35:44.990661] ✅ node-exporter running.
[2026-04-16 13:35:44.990664] ✅ alertmanager running.
[2026-04-16 13:35:44.990667] ✅ grafana running.
[2026-04-16 13:36:10.666713] 💾 Disk: 25.13%
[2026-04-16 13:36:15.032086] ✅ prometheus running.
[2026-04-16 13:36:15.032106] ✅ node-exporter running.
[2026-04-16 13:36:15.032109] ✅ alertmanager running.
[2026-04-16 13:36:15.032112] ✅ grafana running.
[2026-04-16 13:36:45.077075] ✅ prometheus running.
[2026-04-16 13:36:45.077095] ✅ node-exporter running.
[2026-04-16 13:36:45.077098] ✅ alertmanager running.
[2026-04-16 13:36:45.077101] ✅ grafana running.
[2026-04-16 13:37:10.666917] 💾 Disk: 25.13%
[2026-04-16 13:37:15.123976] ✅ prometheus running.
[2026-04-16 13:37:15.123996] ✅ node-exporter running.
[2026-04-16 13:37:15.123999] ✅ alertmanager running.
[2026-04-16 13:37:15.124002] ✅ grafana running.
[2026-04-16 13:37:45.164128] ✅ prometheus running.
[2026-04-16 13:37:45.164147] ✅ node-exporter running.
[2026-04-16 13:37:45.164151] ✅ alertmanager running.
[2026-04-16 13:37:45.164153] ✅ grafana running.
[2026-04-16 13:38:10.667122] 💾 Disk: 25.13%
[2026-04-16 13:38:15.206117] ✅ prometheus running.
[2026-04-16 13:38:15.206136] ✅ node-exporter running.
[2026-04-16 13:38:15.206140] ✅ alertmanager running.
[2026-04-16 13:38:15.206142] ✅ grafana running.
[2026-04-16 13:38:45.246314] ✅ prometheus running.
[2026-04-16 13:38:45.246335] ✅ node-exporter running.
[2026-04-16 13:38:45.246338] ✅ alertmanager running.
[2026-04-16 13:38:45.246340] ✅ grafana running.
[2026-04-16 13:39:10.667390] 💾 Disk: 25.13%
[2026-04-16 13:39:15.288541] ✅ prometheus running.
[2026-04-16 13:39:15.288578] ✅ node-exporter running.
[2026-04-16 13:39:15.288582] ✅ alertmanager running.
[2026-04-16 13:39:15.288585] ✅ grafana running.
[2026-04-16 13:39:45.329382] ✅ prometheus running.
[2026-04-16 13:39:45.329402] ✅ node-exporter running.
[2026-04-16 13:39:45.329405] ✅ alertmanager running.
[2026-04-16 13:39:45.329407] ✅ grafana running.
[2026-04-16 13:40:10.667580] 💾 Disk: 25.13%
[2026-04-16 13:40:15.371586] ✅ prometheus running.
[2026-04-16 13:40:15.371606] ✅ node-exporter running.
